Γû▓ Next.js 16.2.1 (Turbopack)

  Creating an optimized production build ...
node.exe : 
At line:1 char:1
+ & "C:\Program Files\nodejs/node.exe" 
"C:\Program Files\nodejs/node_mo ...
+ ~~~~~~~~~~~~~~~~~~~~~~~~~~~~~~~~~~~~~~~~~~~~
~~~~~~~~~~~~~~~~~~~~~~~~~
    + CategoryInfo          : NotSpecified: ( 
   :String) [], RemoteException
    + FullyQualifiedErrorId : NativeCommandEr 
   ror
 
> Build error occurred
Error: Turbopack build failed with 8 errors:
./src/components/Footer.tsx:3:1
Export Github doesn't exist in target module
  [90m1 |[0m [32m"use client"[0m;
  [90m2 |[0m
[31m[1m>[0m [90m3 |[0m [36mimport[0m { 
[33mGithub[0m, [33mLinkedin[0m, 
[33mMail[0m, [33mShieldAlert[0m } 
[36mfrom[0m [32m"lucide-react"[0m;
  [90m  |[0m [31m[1m^^^^^^^^^^^^^^^^^^^^^^
^^^^^^^^^^^^^^^^^^^^^^^^^^^^^^^^^^^^^^^^^^^^^
[0m
  [90m4 |[0m [36mimport[0m [33mLink[0m 
[36mfrom[0m [32m"next/link"[0m;
  [90m5 |[0m
  [90m6 |[0m [36mexport[0m 
[36mdefault[0m [36mfunction[0m 
[33mFooter[0m() {

The export Github was not found in module [pro
ject]/node_modules/lucide-react/dist/esm/lucid
e-react.js [app-client] (ecmascript).
Did you mean to import Gift?
All exports of the module are statically 
known (It doesn't have dynamic exports). So 
it's known statically that the requested 
export doesn't exist.

Import trace:
  Server Component:
    ./src/components/Footer.tsx
    ./src/app/page.tsx


./src/components/Footer.tsx:3:1
Export Github doesn't exist in target module
  [90m1 |[0m [32m"use client"[0m;
  [90m2 |[0m
[31m[1m>[0m [90m3 |[0m [36mimport[0m { 
[33mGithub[0m, [33mLinkedin[0m, 
[33mMail[0m, [33mShieldAlert[0m } 
[36mfrom[0m [32m"lucide-react"[0m;
  [90m  |[0m [31m[1m^^^^^^^^^^^^^^^^^^^^^^
^^^^^^^^^^^^^^^^^^^^^^^^^^^^^^^^^^^^^^^^^^^^^
[0m
  [90m4 |[0m [36mimport[0m [33mLink[0m 
[36mfrom[0m [32m"next/link"[0m;
  [90m5 |[0m
  [90m6 |[0m [36mexport[0m 
[36mdefault[0m [36mfunction[0m 
[33mFooter[0m() {

The export Github was not found in module [pro
ject]/node_modules/lucide-react/dist/esm/lucid
e-react.js [app-ssr] (ecmascript).
Did you mean to import Gift?
All exports of the module are statically 
known (It doesn't have dynamic exports). So 
it's known statically that the requested 
export doesn't exist.

Import trace:
  Server Component:
    ./src/components/Footer.tsx
    ./src/app/page.tsx


./src/components/HeroSection.tsx:4:1
Export Github doesn't exist in target module
  [90m2 |[0m
  [90m3 |[0m [36mimport[0m { motion } 
[36mfrom[0m [32m"framer-motion"[0m;
[31m[1m>[0m [90m4 |[0m [36mimport[0m { 
[33mGithub[0m, [33mLinkedin[0m, 
[33mMail[0m, [33mTerminal[0m } 
[36mfrom[0m [32m"lucide-react"[0m;
  [90m  |[0m [31m[1m^^^^^^^^^^^^^^^^^^^^^^
^^^^^^^^^^^^^^^^^^^^^^^^^^^^^^^^^^^^^^^^^^[0m
  [90m5 |[0m [36mimport[0m [33mLink[0m 
[36mfrom[0m [32m"next/link"[0m;
  [90m6 |[0m [36mimport[0m [33mImage[0m 
[36mfrom[0m [32m"next/image"[0m;
  [90m7 |[0m

The export Github was not found in module [pro
ject]/node_modules/lucide-react/dist/esm/lucid
e-react.js [app-client] (ecmascript).
Did you mean to import Gift?
All exports of the module are statically 
known (It doesn't have dynamic exports). So 
it's known statically that the requested 
export doesn't exist.

Import trace:
  Server Component:
    ./src/components/HeroSection.tsx
    ./src/app/page.tsx


./src/components/HeroSection.tsx:4:1
Export Github doesn't exist in target module
  [90m2 |[0m
  [90m3 |[0m [36mimport[0m { motion } 
[36mfrom[0m [32m"framer-motion"[0m;
[31m[1m>[0m [90m4 |[0m [36mimport[0m { 
[33mGithub[0m, [33mLinkedin[0m, 
[33mMail[0m, [33mTerminal[0m } 
[36mfrom[0m [32m"lucide-react"[0m;
  [90m  |[0m [31m[1m^^^^^^^^^^^^^^^^^^^^^^
^^^^^^^^^^^^^^^^^^^^^^^^^^^^^^^^^^^^^^^^^^[0m
  [90m5 |[0m [36mimport[0m [33mLink[0m 
[36mfrom[0m [32m"next/link"[0m;
  [90m6 |[0m [36mimport[0m [33mImage[0m 
[36mfrom[0m [32m"next/image"[0m;
  [90m7 |[0m

The export Github was not found in module [pro
ject]/node_modules/lucide-react/dist/esm/lucid
e-react.js [app-ssr] (ecmascript).
Did you mean to import Gift?
All exports of the module are statically 
known (It doesn't have dynamic exports). So 
it's known statically that the requested 
export doesn't exist.

Import trace:
  Server Component:
    ./src/components/HeroSection.tsx
    ./src/app/page.tsx


./src/components/Footer.tsx:3:1
Export Linkedin doesn't exist in target module
  [90m1 |[0m [32m"use client"[0m;
  [90m2 |[0m
[31m[1m>[0m [90m3 |[0m [36mimport[0m { 
[33mGithub[0m, [33mLinkedin[0m, 
[33mMail[0m, [33mShieldAlert[0m } 
[36mfrom[0m [32m"lucide-react"[0m;
  [90m  |[0m [31m[1m^^^^^^^^^^^^^^^^^^^^^^
^^^^^^^^^^^^^^^^^^^^^^^^^^^^^^^^^^^^^^^^^^^^^
[0m
  [90m4 |[0m [36mimport[0m [33mLink[0m 
[36mfrom[0m [32m"next/link"[0m;
  [90m5 |[0m
  [90m6 |[0m [36mexport[0m 
[36mdefault[0m [36mfunction[0m 
[33mFooter[0m() {

The export Linkedin was not found in module [p
roject]/node_modules/lucide-react/dist/esm/luc
ide-react.js [app-client] (ecmascript).
Did you mean to import Link?
All exports of the module are statically 
known (It doesn't have dynamic exports). So 
it's known statically that the requested 
export doesn't exist.

Import trace:
  Server Component:
    ./src/components/Footer.tsx
    ./src/app/page.tsx


./src/components/Footer.tsx:3:1
Export Linkedin doesn't exist in target module
  [90m1 |[0m [32m"use client"[0m;
  [90m2 |[0m
[31m[1m>[0m [90m3 |[0m [36mimport[0m { 
[33mGithub[0m, [33mLinkedin[0m, 
[33mMail[0m, [33mShieldAlert[0m } 
[36mfrom[0m [32m"lucide-react"[0m;
  [90m  |[0m [31m[1m^^^^^^^^^^^^^^^^^^^^^^
^^^^^^^^^^^^^^^^^^^^^^^^^^^^^^^^^^^^^^^^^^^^^
[0m
  [90m4 |[0m [36mimport[0m [33mLink[0m 
[36mfrom[0m [32m"next/link"[0m;
  [90m5 |[0m
  [90m6 |[0m [36mexport[0m 
[36mdefault[0m [36mfunction[0m 
[33mFooter[0m() {

The export Linkedin was not found in module [p
roject]/node_modules/lucide-react/dist/esm/luc
ide-react.js [app-ssr] (ecmascript).
Did you mean to import Link?
All exports of the module are statically 
known (It doesn't have dynamic exports). So 
it's known statically that the requested 
export doesn't exist.

Import trace:
  Server Component:
    ./src/components/Footer.tsx
    ./src/app/page.tsx


./src/components/HeroSection.tsx:4:1
Export Linkedin doesn't exist in target module
  [90m2 |[0m
  [90m3 |[0m [36mimport[0m { motion } 
[36mfrom[0m [32m"framer-motion"[0m;
[31m[1m>[0m [90m4 |[0m [36mimport[0m { 
[33mGithub[0m, [33mLinkedin[0m, 
[33mMail[0m, [33mTerminal[0m } 
[36mfrom[0m [32m"lucide-react"[0m;
  [90m  |[0m [31m[1m^^^^^^^^^^^^^^^^^^^^^^
^^^^^^^^^^^^^^^^^^^^^^^^^^^^^^^^^^^^^^^^^^[0m
  [90m5 |[0m [36mimport[0m [33mLink[0m 
[36mfrom[0m [32m"next/link"[0m;
  [90m6 |[0m [36mimport[0m [33mImage[0m 
[36mfrom[0m [32m"next/image"[0m;
  [90m7 |[0m

The export Linkedin was not found in module [p
roject]/node_modules/lucide-react/dist/esm/luc
ide-react.js [app-client] (ecmascript).
Did you mean to import Link?
All exports of the module are statically 
known (It doesn't have dynamic exports). So 
it's known statically that the requested 
export doesn't exist.

Import trace:
  Server Component:
    ./src/components/HeroSection.tsx
    ./src/app/page.tsx


./src/components/HeroSection.tsx:4:1
Export Linkedin doesn't exist in target module
  [90m2 |[0m
  [90m3 |[0m [36mimport[0m { motion } 
[36mfrom[0m [32m"framer-motion"[0m;
[31m[1m>[0m [90m4 |[0m [36mimport[0m { 
[33mGithub[0m, [33mLinkedin[0m, 
[33mMail[0m, [33mTerminal[0m } 
[36mfrom[0m [32m"lucide-react"[0m;
  [90m  |[0m [31m[1m^^^^^^^^^^^^^^^^^^^^^^
^^^^^^^^^^^^^^^^^^^^^^^^^^^^^^^^^^^^^^^^^^[0m
  [90m5 |[0m [36mimport[0m [33mLink[0m 
[36mfrom[0m [32m"next/link"[0m;
  [90m6 |[0m [36mimport[0m [33mImage[0m 
[36mfrom[0m [32m"next/image"[0m;
  [90m7 |[0m

The export Linkedin was not found in module [p
roject]/node_modules/lucide-react/dist/esm/luc
ide-react.js [app-ssr] (ecmascript).
Did you mean to import Link?
All exports of the module are statically 
known (It doesn't have dynamic exports). So 
it's known statically that the requested 
export doesn't exist.

Import trace:
  Server Component:
    ./src/components/HeroSection.tsx
    ./src/app/page.tsx


    at <unknown> 
(./src/components/Footer.tsx:3:1)
    at <unknown> 
(./src/components/Footer.tsx:3:1)
    at <unknown> 
(./src/components/HeroSection.tsx:4:1)
    at <unknown> 
(./src/components/HeroSection.tsx:4:1)
    at <unknown> 
(./src/components/Footer.tsx:3:1)
    at <unknown> 
(./src/components/Footer.tsx:3:1)
    at <unknown> 
(./src/components/HeroSection.tsx:4:1)
    at <unknown> 
(./src/components/HeroSection.tsx:4:1)
